// Jest Snapshot v1, https://goo.gl/fbAQLP

exports[`renders correctly List 1`] = `
<li
  className="Element"
>
  <p>
    child
  </p>
</li>
`;
